<html>
<body>
<pre>
<h1>µVision Build Log</h1>
<h2>Tool Versions:</h2>
IDE-Version: ¦ÌVision V5.37.0.0
Copyright (C) 2022 ARM Ltd and ARM Germany GmbH. All rights reserved.
License Information: t 11, tt, LIC=ZB4EI-TVKGI-FWM2N-YGPQ6-IQF6X-0T0UQ
 
Tool Versions:
Toolchain:       MDK-ARM Plus  Version: 5.37.0.0
Toolchain Path:  D:\Soft\MDK\Ide\ARM\ARMCC\Bin
C Compiler:      Armcc.exe V5.06 update 7 (build 960)
Assembler:       Armasm.exe V5.06 update 7 (build 960)
Linker/Locator:  ArmLink.exe V5.06 update 7 (build 960)
Library Manager: ArmAr.exe V5.06 update 7 (build 960)
Hex Converter:   FromElf.exe V5.06 update 7 (build 960)
CPU DLL:         SARMCM3.DLL V5.37.0.0
Dialog DLL:      DARMSTM.DLL V1.69.1.0
Target DLL:      STLink\ST-LINKIII-KEIL_SWO.dll V3.0.9.0
Dialog DLL:      DARMSTM.DLL V1.69.1.0
 
<h2>Project:</h2>
E:\Project\stm\project\ele_ds\project.uvprojx
Project File Date:  02/15/2025

<h2>Output:</h2>
*** Using Compiler 'V5.06 update 7 (build 960)', folder: 'D:\Soft\MDK\Ide\ARM\ARMCC\Bin'
Build target 'rt-thread'
compiling main.c...
applications\main.c(44): warning:  #1-D: last line of file ends without a newline
  INIT_BOARD_EXPORT(ota_app_vtor_reconfig);
applications\main.c: 1 warning, 0 errors
compiling cctype.c...
compiling syscall_mem.c...
compiling cstdlib.c...
compiling cunistd.c...
compiling pin.c...
compiling device.c...
compiling board.c...
compiling condvar.c...
rt-thread\components\drivers\ipc\condvar.c(50): warning:  #68-D: integer conversion resulted in a change of sign
              if (timeout != RT_WAITING_FOREVER)
rt-thread\components\drivers\ipc\condvar.c(128): warning:  #68-D: integer conversion resulted in a change of sign
          if (rt_atomic_add(&cv->waiters_cnt, -1) == 1)
rt-thread\components\drivers\ipc\condvar.c: 2 warnings, 0 errors
compiling ringbuffer.c...
compiling pipe.c...
compiling workqueue.c...
compiling ctime.c...
compiling cwchar.c...
compiling completion.c...
compiling waitqueue.c...
assembling startup_stm32f103xe.s...
compiling cstring.c...
compiling serial.c...
compiling dataqueue.c...
compiling msh_parse.c...
compiling syscalls.c...
compiling ringblk_buf.c...
compiling shell.c...
compiling msh.c...
compiling cmd.c...
compiling clock.c...
compiling components.c...
compiling idle.c...
compiling stm32f1xx_hal_msp.c...
compiling drv_gpio.c...
compiling kstdio.c...
compiling irq.c...
compiling drv_usart.c...
compiling drv_common.c...
compiling ipc.c...
compiling kstring.c...
compiling kservice.c...
compiling mem.c...
compiling mempool.c...
compiling memheap.c...
compiling object.c...
compiling scheduler_comm.c...
compiling scheduler_up.c...
compiling div0.c...
assembling context_rvds.S...
compiling atomic_arm.c...
compiling thread.c...
compiling showmem.c...
compiling timer.c...
compiling cpuport.c...
compiling stm32f1xx_hal_cortex.c...
compiling stm32f1xx_hal_rcc_ex.c...
compiling stm32f1xx_hal_crc.c...
compiling stm32f1xx_hal_gpio_ex.c...
compiling system_stm32f1xx.c...
compiling stm32f1xx_hal_pwr.c...
compiling stm32f1xx_hal_rcc.c...
compiling stm32f1xx_hal_dma.c...
compiling stm32f1xx_hal.c...
compiling stm32f1xx_hal_gpio.c...
compiling stm32f1xx_hal_usart.c...
compiling stm32f1xx_hal_cec.c...
compiling stm32f1xx_hal_uart.c...
linking...
Program Size: Code=51152 RO-data=5972 RW-data=1048 ZI-data=2512  
After Build - User command #1: fromelf --bin .\build\keil\Obj\rt-thread.axf --output rtthread.bin
".\build\keil\Obj\rt-thread.axf" - 0 Error(s), 3 Warning(s).

<h2>Software Packages used:</h2>

Package Vendor: Keil
                http://www.keil.com/pack/Keil.STM32F1xx_DFP.2.3.0.pack
                Keil.STM32F1xx_DFP.2.3.0
                STMicroelectronics STM32F1 Series Device Support, Drivers and Examples

<h2>Collection of Component include folders:</h2>
  D:/Soft/MDK/Pack/Keil/STM32F1xx_DFP/2.3.0/Device/Include

<h2>Collection of Component Files used:</h2>
Build Time Elapsed:  00:00:02
</pre>
</body>
</html>
